// Jest Snapshot v1, https://goo.gl/fbAQLP

exports[`<LoginForm /> renders for Mastodon 1`] = `
<div>
  <div
    className="pb-4 sm:pb-10 mb-4 border-b border-gray-200 border-solid -mx-4 sm:-mx-10"
  >
    <h1
      className="text-center font-bold text-2xl"
    >
      Sign In
    </h1>
  </div>
  <div
    className="sm:pt-10 sm:w-2/3 md:w-1/2 mx-auto"
  >
    <form
      className="space-y-4"
      onSubmit={[Function]}
    >
      <div>
        <label
          className="block text-sm font-medium text-gray-700"
          htmlFor="field-1"
        >
          Email address
        </label>
        <div
          className="mt-1"
        >
          <div
            className="mt-1 relative rounded-md shadow-sm"
          >
            <input
              aria-label="Email address"
              autoCapitalize="off"
              autoComplete="off"
              autoCorrect="off"
              className="block w-full sm:text-sm border-gray-300 rounded-md focus:ring-indigo-500 focus:border-indigo-500"
              id="field-1"
              name="username"
              placeholder="Email address"
              required={true}
              type="text"
            />
          </div>
        </div>
      </div>
      <div>
        <label
          className="block text-sm font-medium text-gray-700"
          htmlFor="field-1"
        >
          Password
        </label>
        <div
          className="mt-1"
        >
          <div
            className="mt-1 relative rounded-md shadow-sm"
          >
            <input
              aria-label="Password"
              autoCapitalize="off"
              autoComplete="off"
              autoCorrect="off"
              className="block w-full sm:text-sm border-gray-300 rounded-md focus:ring-indigo-500 focus:border-indigo-500 pr-7"
              id="field-1"
              name="password"
              placeholder="Password"
              required={true}
              type="password"
            />
            <div
              className="absolute inset-y-0 right-0 flex items-center"
              data-reach-tooltip-trigger=""
              data-state="tooltip-hidden"
              onBlur={[Function]}
              onFocus={[Function]}
              onKeyDown={[Function]}
              onMouseDown={[Function]}
              onMouseEnter={[Function]}
              onMouseLeave={[Function]}
              onMouseMove={[Function]}
              onPointerDown={[Function]}
              onPointerEnter={[Function]}
              onPointerLeave={[Function]}
              onPointerMove={[Function]}
            >
              <button
                className="text-gray-400 hover:text-gray-500 h-full px-2 focus:ring-primary-500 focus:ring-2"
                onClick={[Function]}
                tabIndex="-1"
                type="button"
              >
                <svg
                  id={
                    Object {
                      "process": [Function],
                    }
                  }
                />
              </button>
            </div>
          </div>
          <p
            className="mt-0.5 text-xs text-gray-400"
          >
            <a
              className="hover:underline"
              href="/reset-password"
              onClick={[Function]}
            >
              Trouble logging in?
            </a>
          </p>
        </div>
      </div>
      <div
        className="flex justify-end space-x-2"
      >
        <button
          className="inline-flex items-center border font-medium rounded-full focus:outline-none appearance-none transition-all border-transparent text-white bg-primary-600 hover:bg-primary-700 focus:ring-primary-500 focus:ring-2 focus:ring-offset-2 px-4 py-2 text-sm"
          disabled={false}
          onClick={[Function]}
          type="submit"
        >
          Sign in
        </button>
      </div>
    </form>
  </div>
</div>
`;

exports[`<LoginForm /> renders for Pleroma 1`] = `
<div>
  <div
    className="pb-4 sm:pb-10 mb-4 border-b border-gray-200 border-solid -mx-4 sm:-mx-10"
  >
    <h1
      className="text-center font-bold text-2xl"
    >
      Sign In
    </h1>
  </div>
  <div
    className="sm:pt-10 sm:w-2/3 md:w-1/2 mx-auto"
  >
    <form
      className="space-y-4"
      onSubmit={[Function]}
    >
      <div>
        <label
          className="block text-sm font-medium text-gray-700"
          htmlFor="field-1"
        >
          Email address
        </label>
        <div
          className="mt-1"
        >
          <div
            className="mt-1 relative rounded-md shadow-sm"
          >
            <input
              aria-label="Email address"
              autoCapitalize="off"
              autoComplete="off"
              autoCorrect="off"
              className="block w-full sm:text-sm border-gray-300 rounded-md focus:ring-indigo-500 focus:border-indigo-500"
              id="field-1"
              name="username"
              placeholder="Email address"
              required={true}
              type="text"
            />
          </div>
        </div>
      </div>
      <div>
        <label
          className="block text-sm font-medium text-gray-700"
          htmlFor="field-1"
        >
          Password
        </label>
        <div
          className="mt-1"
        >
          <div
            className="mt-1 relative rounded-md shadow-sm"
          >
            <input
              aria-label="Password"
              autoCapitalize="off"
              autoComplete="off"
              autoCorrect="off"
              className="block w-full sm:text-sm border-gray-300 rounded-md focus:ring-indigo-500 focus:border-indigo-500 pr-7"
              id="field-1"
              name="password"
              placeholder="Password"
              required={true}
              type="password"
            />
            <div
              className="absolute inset-y-0 right-0 flex items-center"
              data-reach-tooltip-trigger=""
              data-state="tooltip-hidden"
              onBlur={[Function]}
              onFocus={[Function]}
              onKeyDown={[Function]}
              onMouseDown={[Function]}
              onMouseEnter={[Function]}
              onMouseLeave={[Function]}
              onMouseMove={[Function]}
              onPointerDown={[Function]}
              onPointerEnter={[Function]}
              onPointerLeave={[Function]}
              onPointerMove={[Function]}
            >
              <button
                className="text-gray-400 hover:text-gray-500 h-full px-2 focus:ring-primary-500 focus:ring-2"
                onClick={[Function]}
                tabIndex="-1"
                type="button"
              >
                <svg
                  id={
                    Object {
                      "process": [Function],
                    }
                  }
                />
              </button>
            </div>
          </div>
          <p
            className="mt-0.5 text-xs text-gray-400"
          >
            <a
              className="hover:underline"
              href="/reset-password"
              onClick={[Function]}
            >
              Trouble logging in?
            </a>
          </p>
        </div>
      </div>
      <div
        className="flex justify-end space-x-2"
      >
        <button
          className="inline-flex items-center border font-medium rounded-full focus:outline-none appearance-none transition-all border-transparent text-white bg-primary-600 hover:bg-primary-700 focus:ring-primary-500 focus:ring-2 focus:ring-offset-2 px-4 py-2 text-sm"
          disabled={false}
          onClick={[Function]}
          type="submit"
        >
          Sign in
        </button>
      </div>
    </form>
  </div>
</div>
`;
