// Jest Snapshot v1, https://goo.gl/fbAQLP

exports[`<Badge /> renders correctly 1`] = `
<span
  className="badge badge--patron"
>
  Patron
</span>
`;
